// Jest Snapshot v1, https://goo.gl/fbAQLP

exports[`Home / renders Hello world page 1`] = `
<section
  class="container"
>
  <!---->
   
  <div
    class="satelite-wrapper prel"
  >
    <the-satelite-stub />
  </div>
   
  <div
    class="title"
  >
    Hello, ...world?
  </div>
   
  <div
    class="body-1"
  />
</section>
`;
