// Jest Snapshot v1, https://goo.gl/fbAQLP

exports[`Home / renders Blog page 1`] = `
<div
  class="layout container column"
>
  <!---->
   
  <div
    class="flex xs12 sm8 offset-sm2"
  >
    <div
      class="container fluid grid-list-lg"
    >
      <div
        class="layout row wrap"
      />
    </div>
  </div>
</div>
`;
