// Jest Snapshot v1, https://goo.gl/fbAQLP

exports[`Home / renders home page 1`] = `
<section
  class="container white"
>
  <div
    class="mb-3"
  >
    <img
      alt="Jumbo image"
      class="jumbo-image"
      src="images/cover.jpg"
    />
  </div>
   
  <div
    class="pl-3"
  >
    <h3
      class="subheading"
    >
      Repo: 
      <a
        href="https://github.com/gangsthub/vue-exercises"
        rel="noopener noreferer"
        target="_blank"
      >
        
            https://github.com/gangsthub/vue-exercises
        
      </a>
    </h3>
     
    <p
      class="subheading mt-4"
    >
      
            1️⃣ Go to the first exercise:
            
      <nuxt-link-stub
        class="ibm subheading c-p primary--text"
        tag="span"
        to="[object Object]"
      />
    </p>
     
    <p
      class="subheading"
    >
      
            2️⃣ Remember that you have the "help button"
            
      <button
        class="btn btn--icon primary"
        data-ripple="true"
        slot="activator"
        type="button"
      >
        <div
          class="btn__content"
        >
          <i
            aria-hidden="true"
            class="material-icons icon"
          >
            live_help
          </i>
        </div>
      </button>
      
            available on the
            top right corner for every exercise.
        
    </p>
     
    <p
      class="subheading"
    >
      
            ️3️⃣ Enjoy!
        
    </p>
  </div>
</section>
`;
